// Jest Snapshot v1, https://goo.gl/fbAQLP

exports[`should render EditExpensePage 1`] = `
<div>
  <h2>
    Editing expense
  </h2>
  <ExpenseForm
    expense={
      Object {
        "amount": 105000,
        "createdAt": 0,
        "description": "Switch Game",
        "id": "1",
        "note": "Mario Kart",
      }
    }
    onSubmit={[Function]}
  />
  <button
    onClick={[Function]}
  >
    Delete
  </button>
</div>
`;
