// Jest Snapshot v1, https://goo.gl/fbAQLP

exports[`should render ExpenseListItem with data 1`] = `
<div>
  <Link
    to="/edit/1"
  >
    <h3>
      Switch Game
    </h3>
  </Link>
  <p>
    $1,050.00
    -
    December 31st, 1969
  </p>
</div>
`;
